W2 poison exposure  backend=inmemory  evidence=exact_in_memory
  ONE collection, created once, never dropped during measurement.
  s1 B4 normal Tp=1.0  Np craft/target/neg   3/  0/0   Ep50 0.3013 Df50    0.0 DH_c    3.0
  s1 B4 heavy  Tp=1.0  Np craft/target/neg   8/  1/0   Ep50  1.006 Df50    0.0 DH_c    8.0
  s1 B4 normal Tp=2.0  Np craft/target/neg   3/  0/0   Ep50 0.3037 Df50    0.0 DH_c    3.0
  s1 B4 normal Tp=0.15 Np craft/target/neg   1/  0/0   Ep50 0.1517 Df50    0.0 DH_c    1.0
  s1 B3 normal Tp=1.0  Np craft/target/neg   3/  0/0   Ep50 0.3088 Df50    0.0 DH_c    3.0
  s1 B3 heavy  Tp=1.0  Np craft/target/neg  37/  4/0   Ep50 4.7156 Df50    0.0 DH_c   37.0
  s1 B2 heavy  Tp=1.0  Np craft/target/neg   0/  0/0   Ep50   None Df50 6.3848 DH_c    0.0
  s1 B4 heavy  Tp=2.0  Np craft/target/neg  16/  2/0   Ep50 2.0079 Df50    0.0 DH_c   16.0
  s1 B4 heavy  Tp=0.15 Np craft/target/neg   1/  0/0   Ep50 0.1519 Df50    0.0 DH_c    1.0
  s1 B4 normal Tp=0.3  Np craft/target/neg   3/  0/0   Ep50 0.3024 Df50    0.0 DH_c    3.0
  s1 B2 normal Tp=1.0  Np craft/target/neg   0/  0/0   Ep50   None Df50  0.611 DH_c    0.0
  s1 B4 heavy  Tp=0.3  Np craft/target/neg   3/  0/0   Ep50 0.3028 Df50    0.0 DH_c    3.0
  s1 B1 heavy  Tp=1.0  Np craft/target/neg  56/  7/0   Ep50   None Df50    0.0 DH_c   56.0
  s1 B1 normal Tp=1.0  Np craft/target/neg  56/  7/0   Ep50   None Df50    0.0 DH_c   56.0
  s2 B4 normal Tp=0.3  Np craft/target/neg   3/  1/0   Ep50 0.3055 Df50    0.0 DH_c    5.0
  s2 B4 normal Tp=1.0  Np craft/target/neg   3/  1/0   Ep50 0.3091 Df50    0.0 DH_c    4.0
  s2 B1 normal Tp=1.0  Np craft/target/neg  49/ 14/0   Ep50   None Df50    0.0 DH_c   63.0
  s2 B2 normal Tp=1.0  Np craft/target/neg   0/  0/0   Ep50   None Df50 0.6114 DH_c    0.0
  s2 B4 normal Tp=0.15 Np craft/target/neg   1/  1/0   Ep50 0.1502 Df50    0.0 DH_c    2.0
  s2 B4 heavy  Tp=2.0  Np craft/target/neg  14/  4/0   Ep50 2.0076 Df50    0.0 DH_c   18.0
  s2 B4 heavy  Tp=1.0  Np craft/target/neg   7/  2/0   Ep50 1.0079 Df50    0.0 DH_c    9.0
  s2 B4 heavy  Tp=0.15 Np craft/target/neg   1/  1/0   Ep50 0.1519 Df50    0.0 DH_c    2.0
  s2 B3 heavy  Tp=1.0  Np craft/target/neg  35/ 10/0   Ep50 4.7122 Df50    0.0 DH_c   43.0
  s2 B3 normal Tp=1.0  Np craft/target/neg   3/  1/0   Ep50 0.3086 Df50    0.0 DH_c    4.0
  s2 B4 heavy  Tp=0.3  Np craft/target/neg   3/  1/0   Ep50 0.3031 Df50    0.0 DH_c    5.0
  s2 B2 heavy  Tp=1.0  Np craft/target/neg   0/  0/0   Ep50   None Df50 6.3748 DH_c    0.0
  s2 B4 normal Tp=2.0  Np craft/target/neg   3/  1/0   Ep50 0.3073 Df50    0.0 DH_c    4.0
  s2 B1 heavy  Tp=1.0  Np craft/target/neg  49/ 14/0   Ep50   None Df50    0.0 DH_c   63.0
  s3 B4 heavy  Tp=0.3  Np craft/target/neg   3/  0/0   Ep50 0.3016 Df50    0.0 DH_c    3.0
  s3 B3 normal Tp=1.0  Np craft/target/neg   3/  0/0   Ep50 0.3089 Df50    0.0 DH_c    3.0
  s3 B4 heavy  Tp=1.0  Np craft/target/neg   6/  3/0   Ep50 1.0005 Df50    0.0 DH_c    7.0
  s3 B2 normal Tp=1.0  Np craft/target/neg   0/  0/0   Ep50   None Df50 0.6111 DH_c    0.0
  s3 B2 heavy  Tp=1.0  Np craft/target/neg   0/  0/0   Ep50   None Df50 6.3877 DH_c    0.0
  s3 B3 heavy  Tp=1.0  Np craft/target/neg  29/ 13/0   Ep50 4.7103 Df50    0.0 DH_c   34.0
  s3 B4 heavy  Tp=2.0  Np craft/target/neg  12/  6/0   Ep50 2.0003 Df50    0.0 DH_c   14.0
  s3 B4 normal Tp=1.0  Np craft/target/neg   3/  0/0   Ep50 0.3083 Df50    0.0 DH_c    3.0
  s3 B1 heavy  Tp=1.0  Np craft/target/neg  42/ 21/0   Ep50   None Df50    0.0 DH_c   49.0
  s3 B4 normal Tp=0.15 Np craft/target/neg   1/  0/0   Ep50 0.1519 Df50    0.0 DH_c    1.0
  s3 B4 heavy  Tp=0.15 Np craft/target/neg   1/  0/0   Ep50 0.1519 Df50    0.0 DH_c    1.0
  s3 B1 normal Tp=1.0  Np craft/target/neg  42/ 21/0   Ep50   None Df50    0.0 DH_c   49.0
  s3 B4 normal Tp=2.0  Np craft/target/neg   3/  0/0   Ep50 0.3091 Df50    0.0 DH_c    3.0
  s3 B4 normal Tp=0.3  Np craft/target/neg   3/  0/0   Ep50 0.3023 Df50    0.0 DH_c    3.0
  s4 B4 normal Tp=1.0  Np craft/target/neg   3/  0/0   Ep50 0.3056 Df50    0.0 DH_c    4.0
  s4 B3 normal Tp=1.0  Np craft/target/neg   3/  0/0   Ep50 0.3095 Df50    0.0 DH_c    4.0
  s4 B4 normal Tp=0.15 Np craft/target/neg   1/  0/0   Ep50  0.152 Df50    0.0 DH_c    2.0
  s4 B4 normal Tp=0.3  Np craft/target/neg   3/  0/0   Ep50 0.3041 Df50    0.0 DH_c    4.0
  s4 B2 heavy  Tp=1.0  Np craft/target/neg   0/  0/0   Ep50   None Df50 6.3838 DH_c    0.0
  s4 B3 heavy  Tp=1.0  Np craft/target/neg  35/  4/0   Ep50 4.7138 Df50    0.0 DH_c   47.0
  s4 B4 normal Tp=2.0  Np craft/target/neg   3/  0/0   Ep50 0.3092 Df50    0.0 DH_c    4.0
  s4 B2 normal Tp=1.0  Np craft/target/neg   0/  0/0   Ep50   None Df50 0.6117 DH_c    0.0
  s4 B4 heavy  Tp=0.15 Np craft/target/neg   1/  0/0   Ep50 0.1508 Df50    0.0 DH_c    2.0
  s4 B1 heavy  Tp=1.0  Np craft/target/neg  49/  7/0   Ep50   None Df50    0.0 DH_c   70.0
  s4 B1 normal Tp=1.0  Np craft/target/neg  49/  7/0   Ep50   None Df50    0.0 DH_c   70.0
  s4 B4 heavy  Tp=0.3  Np craft/target/neg   3/  0/0   Ep50 0.3032 Df50    0.0 DH_c    4.0
  s4 B4 heavy  Tp=2.0  Np craft/target/neg  14/  2/0   Ep50 2.0061 Df50    0.0 DH_c   20.0
  s4 B4 heavy  Tp=1.0  Np craft/target/neg   7/  1/0   Ep50 1.0074 Df50    0.0 DH_c   10.0
  s5 B4 normal Tp=1.0  Np craft/target/neg   3/  0/0   Ep50 0.3096 Df50    0.0 DH_c    3.0
  s5 B3 heavy  Tp=1.0  Np craft/target/neg  29/  5/0   Ep50 4.7091 Df50    0.0 DH_c   29.0
  s5 B4 normal Tp=2.0  Np craft/target/neg   3/  0/0   Ep50 0.3081 Df50    0.0 DH_c    3.0
  s5 B4 heavy  Tp=0.3  Np craft/target/neg   3/  0/0   Ep50 0.3032 Df50    0.0 DH_c    3.0
  s5 B4 heavy  Tp=2.0  Np craft/target/neg  12/  2/0   Ep50 2.0067 Df50    0.0 DH_c   12.0
  s5 B3 normal Tp=1.0  Np craft/target/neg   3/  0/0   Ep50 0.3088 Df50    0.0 DH_c    3.0
  s5 B4 normal Tp=0.3  Np craft/target/neg   3/  0/0   Ep50 0.3033 Df50    0.0 DH_c    3.0
  s5 B4 heavy  Tp=0.15 Np craft/target/neg   1/  0/0   Ep50 0.1519 Df50    0.0 DH_c    1.0
  s5 B4 normal Tp=0.15 Np craft/target/neg   1/  0/0   Ep50  0.152 Df50    0.0 DH_c    1.0
  s5 B2 normal Tp=1.0  Np craft/target/neg   0/  0/0   Ep50   None Df50 0.6094 DH_c    0.0
  s5 B1 heavy  Tp=1.0  Np craft/target/neg  42/  7/0   Ep50   None Df50    0.0 DH_c   42.0
  s5 B1 normal Tp=1.0  Np craft/target/neg  42/  7/0   Ep50   None Df50    0.0 DH_c   42.0
  s5 B4 heavy  Tp=1.0  Np craft/target/neg   6/  1/0   Ep50 1.0073 Df50    0.0 DH_c    6.0
  s5 B2 heavy  Tp=1.0  Np craft/target/neg   0/  0/0   Ep50   None Df50 6.3648 DH_c    0.0

Admissibility (W2-PREREGISTRATION.md §5):
  gate 1 ok: B1 poisoned retrievals on Q_craft [56, 56, 49, 49, 42, 42, 49, 49, 42, 42], on Q_target [7, 7, 14, 14, 21, 21, 7, 7, 7, 7]
  gate 2 ok: every baseline behaved as its own definition says
  gate 3 ok: I7 and I3 held in every cell
  gate 4 ok (normal): all 5 seeds order B1>=B3>=B4>=B2 on Q_target
  gate 4 ok (heavy): all 5 seeds order B1>=B3>=B4>=B2 on Q_target
  Q_negative poisoned retrievals: max 0 across 70 cells (spread check)
  gate 5 ok: every cell returned the collection to the corpus with no task or timer still armed
  transfer breadth: 5/5 independently drawn attacked topics showed >=1 transferred query; per-topic coverage [0.125, 0.25, 0.375, 0.125, 0.125]
  attack coverage (B1-defined): craft 0.75-1.00, target 0.12-0.38

wrote PUBLIC_HOME/projects/paper-venue-scout/prototype/results/W2-inmemory.json   admissible=True
