PUBLIC_HOME/projects/paper-venue-scout/prototype/.venv312/lib/python3.12/site-packages/pymilvus/client/__init__.py:6: UserWarning: pkg_resources is deprecated as an API. See https://setuptools.pypa.io/en/latest/pkg_resources.html. The pkg_resources package is slated for removal as early as 2025-11-30. Refrain from using this package or pin to Setuptools<81.
  from pkg_resources import DistributionNotFound, get_distribution
W2 poison exposure  backend=milvus  evidence=milvus_lite_flat
  ONE collection, created once, never dropped during measurement.
  s1 B4 normal Tp=1.0  Np craft/target/neg   3/  0/0   Ep50 0.3179 Df50 0.0015 R_after   1.0
  s1 B4 heavy  Tp=1.0  Np craft/target/neg   8/  1/0   Ep50 1.0004 Df50 0.0007 R_after   1.0
  s1 B4 normal Tp=2.0  Np craft/target/neg   3/  0/0   Ep50 0.3183 Df50 0.0012 R_after   1.0
  s1 B4 normal Tp=0.15 Np craft/target/neg   1/  0/0   Ep50 0.1508 Df50 0.0013 R_after   1.0
  s1 B3 normal Tp=1.0  Np craft/target/neg   3/  0/0   Ep50 0.3233 Df50 0.0024 R_after   1.0
  s1 B3 heavy  Tp=1.0  Np craft/target/neg  37/  4/0   Ep50 4.6885 Df50 0.0006 R_after   1.0
  s1 B2 heavy  Tp=1.0  Np craft/target/neg   0/  0/0   Ep50   None Df50  6.259 R_after   1.0
  s1 B4 heavy  Tp=2.0  Np craft/target/neg  16/  2/0   Ep50 2.0002 Df50 0.0006 R_after   1.0
  s1 B4 heavy  Tp=0.15 Np craft/target/neg   2/  0/0   Ep50 0.1502 Df50 0.0007 R_after   1.0
  s1 B4 normal Tp=0.3  Np craft/target/neg   3/  0/0   Ep50 0.3006 Df50 0.0013 R_after   1.0
  s1 B2 normal Tp=1.0  Np craft/target/neg   0/  0/0   Ep50   None Df50 0.6177 R_after   1.0
  s1 B4 heavy  Tp=0.3  Np craft/target/neg   3/  0/0   Ep50 0.3002 Df50 0.0006 R_after   1.0
  s1 B1 heavy  Tp=1.0  Np craft/target/neg  56/  7/0   Ep50   None Df50 0.0006 R_after  None
  s1 B1 normal Tp=1.0  Np craft/target/neg  56/  7/0   Ep50   None Df50 0.0013 R_after  None
  s2 B4 normal Tp=0.3  Np craft/target/neg   3/  1/0   Ep50 0.3007 Df50 0.0016 R_after   1.0
  s2 B4 normal Tp=1.0  Np craft/target/neg   3/  1/0   Ep50 0.3163 Df50 0.0014 R_after   1.0
  s2 B1 normal Tp=1.0  Np craft/target/neg  49/ 14/0   Ep50   None Df50 0.0018 R_after  None
  s2 B2 normal Tp=1.0  Np craft/target/neg   0/  0/0   Ep50   None Df50 0.6192 R_after   1.0
  s2 B4 normal Tp=0.15 Np craft/target/neg   1/  1/0   Ep50 0.1504 Df50 0.0013 R_after   1.0
  s2 B4 heavy  Tp=2.0  Np craft/target/neg  14/  4/0   Ep50 2.0002 Df50 0.0007 R_after   1.0
  s2 B4 heavy  Tp=1.0  Np craft/target/neg   7/  2/0   Ep50 1.0002 Df50 0.0006 R_after   1.0
  s2 B4 heavy  Tp=0.15 Np craft/target/neg   2/  1/0   Ep50 0.1502 Df50 0.0007 R_after   1.0
  s2 B3 heavy  Tp=1.0  Np craft/target/neg  35/ 10/0   Ep50 4.6882 Df50 0.0007 R_after   1.0
  s2 B3 normal Tp=1.0  Np craft/target/neg   3/  1/0   Ep50 0.3201 Df50 0.0021 R_after   1.0
  s2 B4 heavy  Tp=0.3  Np craft/target/neg   3/  1/0   Ep50 0.3002 Df50 0.0007 R_after   1.0
  s2 B2 heavy  Tp=1.0  Np craft/target/neg   0/  0/0   Ep50   None Df50 6.2577 R_after   1.0
  s2 B4 normal Tp=2.0  Np craft/target/neg   3/  1/0   Ep50  0.318 Df50 0.0013 R_after   1.0
  s2 B1 heavy  Tp=1.0  Np craft/target/neg  49/ 14/0   Ep50   None Df50 0.0007 R_after  None
  s3 B4 heavy  Tp=0.3  Np craft/target/neg   3/  0/0   Ep50 0.3002 Df50 0.0007 R_after   1.0
  s3 B3 normal Tp=1.0  Np craft/target/neg   3/  0/0   Ep50 0.3191 Df50 0.0019 R_after   1.0
  s3 B4 heavy  Tp=1.0  Np craft/target/neg   6/  3/0   Ep50 1.0002 Df50 0.0006 R_after   1.0
  s3 B2 normal Tp=1.0  Np craft/target/neg   0/  0/0   Ep50   None Df50 0.6191 R_after   1.0
  s3 B2 heavy  Tp=1.0  Np craft/target/neg   0/  0/0   Ep50   None Df50 6.2566 R_after   1.0
  s3 B3 heavy  Tp=1.0  Np craft/target/neg  29/ 14/0   Ep50 4.6883 Df50 0.0007 R_after   1.0
  s3 B4 heavy  Tp=2.0  Np craft/target/neg  12/  6/0   Ep50 2.0002 Df50 0.0007 R_after   1.0
  s3 B4 normal Tp=1.0  Np craft/target/neg   3/  0/0   Ep50  0.319 Df50 0.0019 R_after   1.0
  s3 B1 heavy  Tp=1.0  Np craft/target/neg  42/ 21/0   Ep50   None Df50 0.0007 R_after  None
  s3 B4 normal Tp=0.15 Np craft/target/neg   1/  0/0   Ep50 0.1505 Df50 0.0019 R_after   1.0
  s3 B4 heavy  Tp=0.15 Np craft/target/neg   2/  0/0   Ep50 0.1502 Df50 0.0006 R_after   1.0
  s3 B1 normal Tp=1.0  Np craft/target/neg  42/ 21/0   Ep50   None Df50  0.002 R_after  None
  s3 B4 normal Tp=2.0  Np craft/target/neg   3/  0/0   Ep50 0.3177 Df50 0.0018 R_after   1.0
  s3 B4 normal Tp=0.3  Np craft/target/neg   3/  0/0   Ep50 0.3007 Df50 0.0019 R_after   1.0
  s4 B4 normal Tp=1.0  Np craft/target/neg   3/  0/0   Ep50 0.3223 Df50  0.002 R_after   1.0
  s4 B3 normal Tp=1.0  Np craft/target/neg   3/  0/0   Ep50 0.3223 Df50 0.0025 R_after   1.0
  s4 B4 normal Tp=0.15 Np craft/target/neg   1/  0/0   Ep50 0.1507 Df50 0.0019 R_after   1.0
  s4 B4 normal Tp=0.3  Np craft/target/neg   3/  0/0   Ep50 0.3008 Df50 0.0018 R_after   1.0
  s4 B2 heavy  Tp=1.0  Np craft/target/neg   0/  0/0   Ep50   None Df50 6.2642 R_after   1.0
  s4 B3 heavy  Tp=1.0  Np craft/target/neg  35/  4/0   Ep50 4.6899 Df50 0.0007 R_after   1.0
  s4 B4 normal Tp=2.0  Np craft/target/neg   3/  0/0   Ep50 0.3196 Df50 0.0016 R_after   1.0
  s4 B2 normal Tp=1.0  Np craft/target/neg   0/  0/0   Ep50   None Df50 0.6207 R_after   1.0
  s4 B4 heavy  Tp=0.15 Np craft/target/neg   2/  0/0   Ep50 0.1502 Df50 0.0008 R_after   1.0
  s4 B1 heavy  Tp=1.0  Np craft/target/neg  49/  7/0   Ep50   None Df50 0.0006 R_after  None
  s4 B1 normal Tp=1.0  Np craft/target/neg  49/  7/0   Ep50   None Df50 0.0013 R_after  None
  s4 B4 heavy  Tp=0.3  Np craft/target/neg   3/  0/0   Ep50 0.3002 Df50 0.0006 R_after   1.0
  s4 B4 heavy  Tp=2.0  Np craft/target/neg  14/  2/0   Ep50 2.0002 Df50 0.0007 R_after   1.0
  s4 B4 heavy  Tp=1.0  Np craft/target/neg   7/  1/0   Ep50 1.0002 Df50 0.0006 R_after   1.0
  s5 B4 normal Tp=1.0  Np craft/target/neg   3/  0/0   Ep50 0.3205 Df50 0.0019 R_after   1.0
  s5 B3 heavy  Tp=1.0  Np craft/target/neg  29/  5/0   Ep50 4.6914 Df50 0.0007 R_after   1.0
  s5 B4 normal Tp=2.0  Np craft/target/neg   3/  0/0   Ep50 0.3279 Df50 0.0022 R_after   1.0
  s5 B4 heavy  Tp=0.3  Np craft/target/neg   3/  0/0   Ep50 0.3002 Df50 0.0007 R_after   1.0
  s5 B4 heavy  Tp=2.0  Np craft/target/neg  12/  2/0   Ep50 2.0002 Df50 0.0007 R_after   1.0
  s5 B3 normal Tp=1.0  Np craft/target/neg   3/  0/0   Ep50 0.3175 Df50  0.001 R_after   1.0
  s5 B4 normal Tp=0.3  Np craft/target/neg   3/  0/0   Ep50 0.3003 Df50 0.0007 R_after   1.0
  s5 B4 heavy  Tp=0.15 Np craft/target/neg   1/  0/0   Ep50 0.1502 Df50 0.0007 R_after   1.0
  s5 B4 normal Tp=0.15 Np craft/target/neg   1/  0/0   Ep50 0.1503 Df50 0.0009 R_after   1.0
  s5 B2 normal Tp=1.0  Np craft/target/neg   0/  0/0   Ep50   None Df50 0.6197 R_after   1.0
  s5 B1 heavy  Tp=1.0  Np craft/target/neg  42/  7/0   Ep50   None Df50 0.0006 R_after  None
  s5 B1 normal Tp=1.0  Np craft/target/neg  42/  7/0   Ep50   None Df50 0.0008 R_after  None
  s5 B4 heavy  Tp=1.0  Np craft/target/neg   6/  1/0   Ep50 1.0002 Df50 0.0006 R_after   1.0
  s5 B2 heavy  Tp=1.0  Np craft/target/neg   0/  0/0   Ep50   None Df50 6.2544 R_after   1.0

Admissibility (W2-PREREGISTRATION.md §5):
  gate 1 ok: B1 poisoned retrievals on Q_craft [56, 56, 49, 49, 42, 42, 49, 49, 42, 42], on Q_target [7, 7, 14, 14, 21, 21, 7, 7, 7, 7]
  gate 2 ok: every baseline behaved as its own definition says
  gate 3 ok: I7 and I3 held in every cell
  gate 4 ok (normal): all 5 seeds order B1>=B3>=B4>=B2 on Q_target
  gate 4 ok (heavy): all 5 seeds order B1>=B3>=B4>=B2 on Q_target
  Q_negative poisoned retrievals: max 0 across 70 cells (spread check)
  GATE 5 FAIL: 2421 rows left in the collection between cells (0 delete errors); a later cell's over-fetch was competing with an earlier cell's poison
  attack coverage (B1-defined): craft 0.75-1.00, target 0.12-0.38

wrote PUBLIC_HOME/projects/paper-venue-scout/prototype/results/W2-milvus.json   admissible=False
E20260727 15:46:36.616528 10386121 server.cpp:47] [SERVER][BlockLock][] Process exit
